// Jest Snapshot v1, https://goo.gl/fbAQLP

exports[`ClipBoardCopy matches snapshot with custom button text 1`] = `
<DocumentFragment>
  <section
    class="copy-to-clipboard  "
  >
    <svg>
      duplicate.svg
    </svg>
  </section>
</DocumentFragment>
`;

exports[`ClipBoardCopy matches snapshot with default props 1`] = `
<DocumentFragment>
  <section
    class="copy-to-clipboard  "
  >
    <svg>
      duplicate.svg
    </svg>
  </section>
</DocumentFragment>
`;
