// Jest Snapshot v1, https://goo.gl/fbAQLP

exports[`JoinRequestDialog matches snapshot when open 1`] = `
<DocumentFragment>
  <div
    class="sds--modal sds--backdrop"
  >
    <div
      class="sds--modal--container  join-request-dialog"
    >
      <div
        class="sds--modal--title "
      >
        <p
          class="sds--text--h4"
        >
          registration.title{"name":"TestCollab"}
        </p>
        <span
          class="sds--modal--close"
        >
          <svg
            height="13.5"
            viewBox="0 0 13.5 13.5"
            width="13.5"
            xmlns="http://www.w3.org/2000/svg"
          >
            <path
              d="m.8 12.8 12-12m0 12L.8.8"
              fill="none"
              stroke="#000"
              stroke-linecap="round"
              stroke-linejoin="round"
              stroke-width="1.5"
            />
          </svg>
        </span>
      </div>
      <div
        class="sds--modal--content"
      >
        <div
          class="sds--text--rich"
        >
          <div
            class="join-request-form"
          >
            <div>
              <div
                class="sds--radio-options"
              >
                <label
                  class="sds--tooltip-parent sds--radio-options-label"
                  for="reason"
                >
                  <span>
                    joinRequest.why
                  </span>
                </label>
                <div
                  class="sds--text-field-container column"
                >
                  <div
                    class="option-0"
                  >
                    <input
                      checked=""
                      id="reason_invited"
                      name="reason"
                      type="radio"
                    />
                    <label
                      class="sds--radio-options-label"
                      for="reason_invited"
                    >
                      <span
                        class="sds--radio--visual"
                      />
                      <span
                        class="sds--radio--text"
                      >
                        joinRequest.invited
                      </span>
                    </label>
                  </div>
                  <div
                    class="option-1"
                  >
                    <input
                      id="reason_projectMember"
                      name="reason"
                      type="radio"
                    />
                    <label
                      class="sds--radio-options-label"
                      for="reason_projectMember"
                    >
                      <span
                        class="sds--radio--visual"
                      />
                      <span
                        class="sds--radio--text"
                      >
                        joinRequest.projectMember
                      </span>
                    </label>
                  </div>
                  <div
                    class="option-2"
                  >
                    <input
                      id="reason_other"
                      name="reason"
                      type="radio"
                    />
                    <label
                      class="sds--radio-options-label"
                      for="reason_other"
                    >
                      <span
                        class="sds--radio--visual"
                      />
                      <span
                        class="sds--radio--text"
                      >
                        joinRequest.other
                      </span>
                    </label>
                  </div>
                </div>
              </div>
            </div>
          </div>
          <div
            class="mod-aup-services"
          >
            <h4
              class="aup-services"
            >
              models.collaboration.noServicesYet
            </h4>
            <div
              class="services"
            >
              <span>
                welcomeDialog.noServices
              </span>
            </div>
          </div>
        </div>
        <div
          class="sds--modal--actions sds--actions--outer sds--space--top--5"
        >
          <button
            class="sds--btn sds--btn--secondary     "
            type="button"
          >
            <span
              class="textual"
            >
              forms.cancel
            </span>
          </button>
          <button
            class="sds--btn sds--btn--primary     "
            type="button"
          >
            <span
              class="textual"
            >
              forms.request
            </span>
          </button>
        </div>
      </div>
    </div>
  </div>
</DocumentFragment>
`;
