// Jest Snapshot v1, https://goo.gl/fbAQLP

exports[`Explain matches snapshot with default props 1`] = `
<DocumentFragment>
  <div
    class="mod-explain hide"
    tabindex="1"
  >
    <section
      class="container"
    >
      <section
        class="header"
      >
        <p>
          Explanation [missing "{{subject}}" value]
        </p>
        <span
          data-testid="fa-icon"
        />
      </section>
    </section>
  </div>
</DocumentFragment>
`;
