// Jest Snapshot v1, https://goo.gl/fbAQLP

exports[`Activity matches snapshot 1`] = `
<DocumentFragment>
  <div
    class="activity-container"
  >
    <div
      class="action-container"
    >
      <div
        class="filter-options"
      >
        <div
          class="sds--checkbox-container sds--tooltip-parent checkbox "
        >
          <input
            checked=""
            id="includeProperties"
            type="checkbox"
          />
          <label
            for="includeProperties"
          >
            <span
              class="sds--checkbox--visual"
            >
              <svg
                height="11.9"
                viewBox="0 0 13.6 11.9"
                width="13.6"
                xmlns="http://www.w3.org/2000/svg"
              >
                <path
                  d="m11.9.4-7 9.6-3.3-3.2c-.4-.4-1-.4-1.3 0-.4.4-.4 1 0 1.3l3.2 3.2q.6.6 1.5.6c.9 0 1.1-.3 1.4-.8l7.1-9.6c.3-.4.2-1-.2-1.3-.5-.3-1.1-.2-1.4.2"
                />
              </svg>
            </span>
            <span
              class="checkbox--text"
            >
              history.includeProperties
            </span>
          </label>
        </div>
        <div
          class="sds--checkbox-container sds--tooltip-parent checkbox "
        >
          <input
            checked=""
            id="includeMembers"
            type="checkbox"
          />
          <label
            for="includeMembers"
          >
            <span
              class="sds--checkbox--visual"
            >
              <svg
                height="11.9"
                viewBox="0 0 13.6 11.9"
                width="13.6"
                xmlns="http://www.w3.org/2000/svg"
              >
                <path
                  d="m11.9.4-7 9.6-3.3-3.2c-.4-.4-1-.4-1.3 0-.4.4-.4 1 0 1.3l3.2 3.2q.6.6 1.5.6c.9 0 1.1-.3 1.4-.8l7.1-9.6c.3-.4.2-1-.2-1.3-.5-.3-1.1-.2-1.4.2"
                />
              </svg>
            </span>
            <span
              class="checkbox--text"
            >
              history.includeMembers
            </span>
          </label>
        </div>
        <div
          class="sds--checkbox-container sds--tooltip-parent checkbox "
        >
          <input
            checked=""
            id="includeServices"
            type="checkbox"
          />
          <label
            for="includeServices"
          >
            <span
              class="sds--checkbox--visual"
            >
              <svg
                height="11.9"
                viewBox="0 0 13.6 11.9"
                width="13.6"
                xmlns="http://www.w3.org/2000/svg"
              >
                <path
                  d="m11.9.4-7 9.6-3.3-3.2c-.4-.4-1-.4-1.3 0-.4.4-.4 1 0 1.3l3.2 3.2q.6.6 1.5.6c.9 0 1.1-.3 1.4-.8l7.1-9.6c.3-.4.2-1-.2-1.3-.5-.3-1.1-.2-1.4.2"
                />
              </svg>
            </span>
            <span
              class="checkbox--text"
            >
              history.includeServices
            </span>
          </label>
        </div>
      </div>
      <div
        class="search"
      >
        <div
          class="sds--text-field sds--text-field--has-icon"
        >
          <div
            class="sds--text-field--shape"
          >
            <div
              class="sds--text-field--input-and-icon"
            >
              <input
                class="sds--text-field--input"
                placeholder="history.searchPlaceholder"
                type="search"
                value=""
              />
              <span
                class="sds--text-field--icon"
              >
                <svg>
                  search.svg
                </svg>
              </span>
            </div>
          </div>
        </div>
        <button
          class="sds--btn sds--btn--primary     "
          type="button"
        >
          <span
            class="textual"
          >
            history.export
          </span>
        </button>
      </div>
    </div>
    <div
      class="activity"
    >
      <div
        class="sds--table"
      >
        <table
          class="logs"
        >
          <thead>
            <tr>
              <th
                class="date"
              >
                system.activityTable.date
              </th>
              <th
                class="user"
              >
                system.activityTable.user
              </th>
              <th
                class="action"
              >
                system.activityTable.action
              </th>
            </tr>
          </thead>
          <tbody>
            <tr
              class="selected"
            >
              <td>
                2024-01-01T00:00:00Z
              </td>
              <td>
                test@example.com (testuser)
              </td>
              <td>
                history.overview
              </td>
            </tr>
          </tbody>
        </table>
      </div>
      <div
        class="details"
      >
        <div
          class="sds--table"
        >
          <table
            cellspacing="0"
            class="changes"
          >
            <thead>
              <tr>
                <th
                  class="key"
                >
                  history.key
                </th>
                <th
                  class="new-value"
                >
                  history.newValue
                </th>
              </tr>
            </thead>
            <tbody>
              <tr>
                <td>
                  name
                </td>
                <td>
                  Test Collaboration
                </td>
              </tr>
            </tbody>
          </table>
        </div>
      </div>
    </div>
  </div>
</DocumentFragment>
`;
