// Jest Snapshot v1, https://goo.gl/fbAQLP

exports[`SecondFactorAuthentication matches snapshot with default props 1`] = `
<DocumentFragment>
  <div
    class="mod-mfa verify "
  >
    <div>
      <section
        class="register-header"
      >
        <h1>
          Verification code blocked
        </h1>
        <p>
          Your account has been blocked. Please contact 
          <a
            href="mailto:sram-support@surf.nl"
          >
            sram-support@surf.nl
          </a>
           to request activation.
        </p>
      </section>
    </div>
  </div>
</DocumentFragment>
`;
