// Jest Snapshot v1, https://goo.gl/fbAQLP

exports[`UserDetailSshDialog matches snapshot with default props 1`] = `
<DocumentFragment>
  <div
    class="sds--modal sds--backdrop"
  >
    <div
      class="sds--modal--container full ssh-modal"
    >
      <div
        class="sds--modal--title "
      >
        <p
          class="sds--text--h4"
        >
          Public SSH keys of Test User
        </p>
      </div>
      <div
        class="sds--modal--content"
      >
        <div
          class="sds--text--rich"
        >
          <div
            class="shh-dialog-inner"
          >
            <div
              class="index-0"
            >
              <div
                class="input-field sds--text-field  "
              >
                <div
                  class="inner-input-field"
                >
                  <textarea
                    class="sds--text-field--input sds--text-area large "
                    cols="10"
                    disabled=""
                    placeholder=""
                  >
                    ssh-rsa AAAAB3NzaC1yc2EAAAADAQABAAABAQC...
                  </textarea>
                  <section
                    class="copy-to-clipboard right "
                  >
                    <svg>
                      duplicate.svg
                    </svg>
                  </section>
                </div>
              </div>
            </div>
          </div>
        </div>
        <div
          class="sds--modal--actions sds--actions--outer sds--space--top--5"
        />
      </div>
    </div>
  </div>
</DocumentFragment>
`;
