// Jest Snapshot v1, https://goo.gl/fbAQLP

exports[`OrganisationWelcomeDialog matches snapshot with custom description 1`] = `<DocumentFragment />`;

exports[`OrganisationWelcomeDialog matches snapshot with custom title 1`] = `<DocumentFragment />`;

exports[`OrganisationWelcomeDialog matches snapshot with default props 1`] = `<DocumentFragment />`;
